TOML parse error at line 1, column 8
  |
1 | a = "\UFFFFFFFF"
  |        ^
invalid value, expected unicode hexadecimal value
