TOML parse error at line 1, column 29
  |
1 | a = '''15 apostrophes: ''''''''''''''''''
  |                             ^
unexpected key or value, expected newline, `#`
