TOML parse error at line 4, column 7
  |
4 | eteta
  |       ^
invalid multi-line literal string, expected `'`
