TOML parse error at line 13, column 3
   |
13 | [[albums]]
   |   ^^^^^^
duplicate key
