TOML parse error at line 2, column 11
  |
2 | no-secs = 1987-07-05T17:45Z
  |           ^^^^^^^^^^^^^^^^^
invalid time, expected `:` (MM:SS)
