TOML parse error at line 1, column 20
  |
1 | no-comma-2 = [ 1 2 3 ]
  |                    ^
missing comma between array elements, expected `,`
