TOML parse error at line 1, column 5
  |
1 | 0=0r=false
  |     ^
unexpected key or value, expected newline, `#`

---
TOML parse error at line 1, column 3
  |
1 | 0=0r=false
  |   ^^
string values must be quoted, expected literal string
