TOML parse error at line 1, column 9
  |
1 | "key = x
  |         ^
key with no value, expected `=`
