TOML parse error at line 1, column 8
  |
1 | fs.fw =
  |        ^
string values must be quoted, expected literal string
