TOML parse error at line 1, column 20
  |
1 | exp-double-e-1 = 1ee2
  |                    ^
invalid exponent, expected digits

---
TOML parse error at line 1, column 20
  |
1 | exp-double-e-1 = 1ee2
  |                    ^^
invalid float, expected nothing

---
TOML parse error at line 1, column 18
  |
1 | exp-double-e-1 = 1ee2
  |                  ^^^^
invalid float
